{
  "content": [
    {
      "value": [
        {
          "value": "This document has a shebang at the start.",
          "type": "text"
        },
        {
          "type": "break"
        },
        {
          "value": "Make sure we can parse it.",
          "type": "text"
        }
      ],
      "type": "paragraph"
    }
  ],
  "metadata": {
    "settings": {},
    "properties": {}
  }
}
